// Vitest Snapshot v1, https://vitest.dev/guide/snapshot.html

exports[`ProductCard > should render correctly with initial props 1`] = `
<body>
  <div>
    <article
      class="_product-card_3fb99f"
    >
      <header>
        <h3
          class="_product-card__name_3fb99f"
        >
          test product
        </h3>
        <p
          class="_product-card__brand_3fb99f"
        >
          Бренд: 
          test brand
        </p>
      </header>
      <p
        class="_product-card__price_3fb99f"
      >
        Цена: 
        1000
      </p>
    </article>
  </div>
</body>
`;
